apiVersion: v1
kind: Namespace
metadata:
  annotations: {}
  labels:
    app.kubernetes.io/name: syn-cert-exoscale
    name: syn-cert-exoscale
  name: syn-cert-exoscale
