apiVersion: v1
data: {}
kind: Secret
metadata:
  annotations: {}
  labels:
    name: exoscale-secret
  name: exoscale-secret
  namespace: syn-cert-exoscale
stringData:
  EXOSCALE_API_KEY: t-silent-test-1234/c-green-test-1234/exoscale/cert_webhook/s3_access_key
  EXOSCALE_API_SECRET: t-silent-test-1234/c-green-test-1234/exoscale/cert_webhook/s3_secret_key
type: Opaque
