apiVersion: cert-manager.io/v1
kind: Certificate
metadata:
  labels:
    app: exoscale-webhook
    chart: exoscale-webhook-0.3.0
    heritage: Helm
    release: exoscale-webhook
  name: cert-manager-webhook-exoscale-ca
  namespace: syn-cert-manager
spec:
  commonName: ca.exoscale-webhook.syn-cert-manager
  duration: 43800h0m0s
  isCA: true
  issuerRef:
    name: cert-manager-webhook-exoscale-selfsign
  secretName: cert-manager-webhook-exoscale-ca
