apiVersion: rbac.authorization.k8s.io/v1
kind: ClusterRoleBinding
metadata:
  labels:
    app: exoscale-webhook
    chart: exoscale-webhook-0.3.0
    heritage: Helm
    release: exoscale-webhook
  name: cert-manager-webhook-exoscale:domain-solver
roleRef:
  apiGroup: rbac.authorization.k8s.io
  kind: ClusterRole
  name: cert-manager-webhook-exoscale:domain-solver
subjects:
- apiGroup: ""
  kind: ServiceAccount
  name: cert-manager
  namespace: syn-cert-manager
