apiVersion: rbac.authorization.k8s.io/v1
kind: ClusterRole
metadata:
  labels:
    app: exoscale-webhook
    chart: exoscale-webhook-0.3.0
    heritage: Helm
    release: exoscale-webhook
  name: cert-manager-webhook-exoscale:domain-solver
rules:
- apiGroups:
  - acme.exoscale.com
  resources:
  - '*'
  verbs:
  - create
