apiVersion: rbac.authorization.k8s.io/v1
kind: RoleBinding
metadata:
  labels:
    app: exoscale-webhook
    chart: exoscale-webhook-0.3.0
    heritage: Helm
    release: exoscale-webhook
  name: cert-manager-webhook-exoscale:secrets-reader
  namespace: syn-cert-exoscale
roleRef:
  apiGroup: rbac.authorization.k8s.io
  kind: Role
  name: cert-manager-webhook-exoscale:secrets-reader
subjects:
- apiGroup: ""
  kind: ServiceAccount
  name: cert-manager-webhook-exoscale
  namespace: syn-cert-exoscale
