apiVersion: rbac.authorization.k8s.io/v1
kind: Role
metadata:
  labels:
    app: exoscale-webhook
    chart: exoscale-webhook-0.3.0
    heritage: Helm
    release: exoscale-webhook
  name: cert-manager-webhook-exoscale:secrets-reader
  namespace: syn-cert-exoscale
rules:
- apiGroups:
  - ""
  resources:
  - secrets
  verbs:
  - get
