apiVersion: v1
kind: ServiceAccount
metadata:
  labels:
    app: exoscale-webhook
    chart: exoscale-webhook-0.3.0
    heritage: Helm
    release: exoscale-webhook
  name: cert-manager-webhook-exoscale
  namespace: syn-cert-manager
